2026-05-05 22:08:53,464 INFO o.a.j.u.JMeterUtils: Setting Locale to en_EN
2026-05-05 22:08:53,487 INFO o.a.j.JMeter: Loading user properties from: /opt/homebrew/Cellar/jmeter/5.6.3/libexec/bin/user.properties
2026-05-05 22:08:53,488 INFO o.a.j.JMeter: Loading system properties from: /opt/homebrew/Cellar/jmeter/5.6.3/libexec/bin/system.properties
2026-05-05 22:08:53,488 INFO o.a.j.JMeter: Loading additional properties from: backend/performance/jmeter/env/local.properties
2026-05-05 22:08:53,492 INFO o.a.j.JMeter: Copyright (c) 1998-2024 The Apache Software Foundation
2026-05-05 22:08:53,492 INFO o.a.j.JMeter: Version 5.6.3
2026-05-05 22:08:53,493 INFO o.a.j.JMeter: java.version=21.0.11
2026-05-05 22:08:53,493 INFO o.a.j.JMeter: java.vm.name=OpenJDK 64-Bit Server VM
2026-05-05 22:08:53,493 INFO o.a.j.JMeter: os.name=Mac OS X
2026-05-05 22:08:53,493 INFO o.a.j.JMeter: os.arch=aarch64
2026-05-05 22:08:53,493 INFO o.a.j.JMeter: os.version=26.2
2026-05-05 22:08:53,493 INFO o.a.j.JMeter: file.encoding=UTF-8
2026-05-05 22:08:53,493 INFO o.a.j.JMeter: java.awt.headless=true
2026-05-05 22:08:53,493 INFO o.a.j.JMeter: Max memory     =1073741824
2026-05-05 22:08:53,493 INFO o.a.j.JMeter: Available Processors =8
2026-05-05 22:08:53,502 INFO o.a.j.JMeter: Default Locale=English (EN)
2026-05-05 22:08:53,502 INFO o.a.j.JMeter: JMeter  Locale=English (EN)
2026-05-05 22:08:53,502 INFO o.a.j.JMeter: JMeterHome=/opt/homebrew/Cellar/jmeter/5.6.3/libexec
2026-05-05 22:08:53,502 INFO o.a.j.JMeter: user.dir  =/Users/gustas/Dev/working/InventoryManagementSystem
2026-05-05 22:08:53,502 INFO o.a.j.JMeter: PWD       =/Users/gustas/Dev/working/InventoryManagementSystem
2026-05-05 22:08:53,505 INFO o.a.j.JMeter: IP: 127.0.0.1 Name: Gustass-MacBook-Air-2.local FullName: localhost
2026-05-05 22:08:53,515 INFO o.a.j.JMeter: Setting property 'jmeter.reportgenerator.outputdir' to:'/Users/gustas/Dev/working/InventoryManagementSystem/backend/performance/jmeter/results/ai-analysis-load-report'
2026-05-05 22:08:53,518 INFO o.a.j.s.FileServer: Default base='/Users/gustas/Dev/working/InventoryManagementSystem'
2026-05-05 22:08:53,519 INFO o.a.j.s.FileServer: Set new base='/Users/gustas/Dev/working/InventoryManagementSystem/backend/performance/jmeter/plans/ai'
2026-05-05 22:08:53,640 INFO o.a.j.s.SaveService: Testplan (JMX) version: 2.2. Testlog (JTL) version: 2.2
2026-05-05 22:08:53,665 INFO o.a.j.s.SaveService: Using SaveService properties version 5.0
2026-05-05 22:08:53,667 INFO o.a.j.s.SaveService: Using SaveService properties file encoding UTF-8
2026-05-05 22:08:53,668 INFO o.a.j.s.SaveService: Loading file: backend/performance/jmeter/plans/ai/ai-analysis-load.jmx
2026-05-05 22:08:53,710 INFO o.a.j.p.h.s.HTTPSamplerBase: Parser for text/html is org.apache.jmeter.protocol.http.parser.LagartoBasedHtmlParser
2026-05-05 22:08:53,711 INFO o.a.j.p.h.s.HTTPSamplerBase: Parser for application/xhtml+xml is org.apache.jmeter.protocol.http.parser.LagartoBasedHtmlParser
2026-05-05 22:08:53,711 INFO o.a.j.p.h.s.HTTPSamplerBase: Parser for application/xml is org.apache.jmeter.protocol.http.parser.LagartoBasedHtmlParser
2026-05-05 22:08:53,711 INFO o.a.j.p.h.s.HTTPSamplerBase: Parser for text/xml is org.apache.jmeter.protocol.http.parser.LagartoBasedHtmlParser
2026-05-05 22:08:53,711 INFO o.a.j.p.h.s.HTTPSamplerBase: Parser for text/vnd.wap.wml is org.apache.jmeter.protocol.http.parser.RegexpHTMLParser
2026-05-05 22:08:53,711 INFO o.a.j.p.h.s.HTTPSamplerBase: Parser for text/css is org.apache.jmeter.protocol.http.parser.CssParser
2026-05-05 22:08:53,732 INFO o.a.j.JMeter: Creating summariser <summary>
2026-05-05 22:08:53,739 INFO o.a.j.r.d.ReportGenerator: ReportGenerator will use for Parsing the separator: ','
2026-05-05 22:08:53,739 INFO o.a.j.r.d.ReportGenerator: Will generate report at end of test from  results file: backend/performance/jmeter/results/ai-analysis-load.jtl
2026-05-05 22:08:53,739 INFO o.a.j.r.d.ReportGenerator: Reading report generator properties from: /opt/homebrew/Cellar/jmeter/5.6.3/libexec/bin/reportgenerator.properties
2026-05-05 22:08:53,740 INFO o.a.j.r.d.ReportGenerator: Merging with JMeter properties
2026-05-05 22:08:53,742 INFO o.a.j.r.c.ReportGeneratorConfiguration: Property 'jmeter.reportgenerator.temp_dir' not found, using default value 'temp' instead.
2026-05-05 22:08:53,743 INFO o.a.j.r.c.ReportGeneratorConfiguration: Property 'jmeter.reportgenerator.apdex_per_transaction' not found, using default value 'null' instead.
2026-05-05 22:08:53,743 INFO o.a.j.r.c.ReportGeneratorConfiguration: apdex_per_transaction is empty, not APDEX per transaction customization
2026-05-05 22:08:53,744 INFO o.a.j.r.c.ReportGeneratorConfiguration: Property 'jmeter.reportgenerator.sample_filter' not found, using default value 'null' instead.
2026-05-05 22:08:53,744 INFO o.a.j.r.c.ReportGeneratorConfiguration: Property 'jmeter.reportgenerator.report_title' not found, using default value 'null' instead.
2026-05-05 22:08:53,744 INFO o.a.j.r.c.ReportGeneratorConfiguration: Property 'jmeter.reportgenerator.start_date' not found, using default value 'null' instead.
2026-05-05 22:08:53,744 INFO o.a.j.r.c.ReportGeneratorConfiguration: Property 'jmeter.reportgenerator.end_date' not found, using default value 'null' instead.
2026-05-05 22:08:53,744 INFO o.a.j.r.c.ReportGeneratorConfiguration: Property 'jmeter.reportgenerator.date_format' not found, using default value 'null' instead.
2026-05-05 22:08:53,744 INFO o.a.j.r.c.ReportGeneratorConfiguration: Will use date range start date: null, end date: null
2026-05-05 22:08:53,748 INFO o.a.j.r.c.ReportGeneratorConfiguration: Property 'jmeter.reportgenerator.graph.totalTPS.exclude_controllers' not found, using default value 'false' instead.
2026-05-05 22:08:53,748 INFO o.a.j.r.c.ReportGeneratorConfiguration: Property 'jmeter.reportgenerator.graph.activeThreadsOverTime.exclude_controllers' not found, using default value 'false' instead.
2026-05-05 22:08:53,748 INFO o.a.j.r.c.ReportGeneratorConfiguration: Property 'jmeter.reportgenerator.graph.timeVsThreads.exclude_controllers' not found, using default value 'false' instead.
2026-05-05 22:08:53,748 INFO o.a.j.r.c.ReportGeneratorConfiguration: Property 'jmeter.reportgenerator.graph.responseTimeDistribution.exclude_controllers' not found, using default value 'false' instead.
2026-05-05 22:08:53,749 INFO o.a.j.r.c.ReportGeneratorConfiguration: Property 'jmeter.reportgenerator.graph.transactionsPerSecond.exclude_controllers' not found, using default value 'false' instead.
2026-05-05 22:08:53,749 INFO o.a.j.r.c.ReportGeneratorConfiguration: Property 'jmeter.reportgenerator.graph.responseTimePercentiles.exclude_controllers' not found, using default value 'false' instead.
2026-05-05 22:08:53,749 INFO o.a.j.r.c.ReportGeneratorConfiguration: Property 'jmeter.reportgenerator.graph.responseTimePercentilesOverTime.exclude_controllers' not found, using default value 'false' instead.
2026-05-05 22:08:53,749 INFO o.a.j.r.c.ReportGeneratorConfiguration: Property 'jmeter.reportgenerator.graph.responseTimesOverTime.exclude_controllers' not found, using default value 'false' instead.
2026-05-05 22:08:53,749 INFO o.a.j.r.c.ReportGeneratorConfiguration: Property 'jmeter.reportgenerator.graph.connectTimeOverTime.exclude_controllers' not found, using default value 'false' instead.
2026-05-05 22:08:53,749 INFO o.a.j.r.c.ReportGeneratorConfiguration: Property 'jmeter.reportgenerator.graph.latenciesOverTime.exclude_controllers' not found, using default value 'false' instead.
2026-05-05 22:08:53,750 INFO o.a.j.r.c.ReportGeneratorConfiguration: Property 'jmeter.reportgenerator.exporter.json.filters_only_sample_series' not found, using default value 'true' instead.
2026-05-05 22:08:53,750 INFO o.a.j.r.c.ReportGeneratorConfiguration: Property 'jmeter.reportgenerator.exporter.json.series_filter' not found, using default value '' instead.
2026-05-05 22:08:53,750 INFO o.a.j.r.c.ReportGeneratorConfiguration: Property 'jmeter.reportgenerator.exporter.json.show_controllers_only' not found, using default value 'false' instead.
2026-05-05 22:08:53,750 INFO o.a.j.r.c.ReportGeneratorConfiguration: Property 'jmeter.reportgenerator.exporter.html.filters_only_sample_series' not found, using default value 'true' instead.
2026-05-05 22:08:53,750 INFO o.a.j.r.c.ReportGeneratorConfiguration: Property 'jmeter.reportgenerator.exporter.html.series_filter' not found, using default value '' instead.
2026-05-05 22:08:53,750 INFO o.a.j.r.c.ReportGeneratorConfiguration: Property 'jmeter.reportgenerator.exporter.html.show_controllers_only' not found, using default value 'false' instead.
2026-05-05 22:08:53,759 INFO o.a.j.e.StandardJMeterEngine: Running the test!
2026-05-05 22:08:53,759 INFO o.a.j.s.SampleEvent: List of sample_variables: []
2026-05-05 22:08:53,759 INFO o.a.j.s.SampleEvent: List of sample_variables: []
2026-05-05 22:08:53,766 INFO o.a.j.e.u.CompoundVariable: Note: Function class names must contain the string: '.functions.'
2026-05-05 22:08:53,766 INFO o.a.j.e.u.CompoundVariable: Note: Function class names must not contain the string: '.gui.'
2026-05-05 22:08:53,805 INFO o.a.j.r.ClassFinder: Will scan jar /opt/homebrew/Cellar/jmeter/5.6.3/libexec/lib/ext/jmeter-plugins-manager-1.9.jar with filter ExtendsClassFilter [parents=[interface org.apache.jmeter.functions.Function], inner=false, contains=null, notContains=null]. Consider exposing JMeter plugins via META-INF/services, and add JMeter-Skip-Class-Scanning=true manifest attribute so JMeter can skip classfile scanning
2026-05-05 22:08:53,886 INFO o.a.j.JMeter: Running test (1778008133886)
2026-05-05 22:08:53,899 INFO o.a.j.e.StandardJMeterEngine: Starting ThreadGroup: 1 : Company Admin AI Load
2026-05-05 22:08:53,899 INFO o.a.j.e.StandardJMeterEngine: Starting 1 threads for group Company Admin AI Load.
2026-05-05 22:08:53,899 INFO o.a.j.e.StandardJMeterEngine: Thread will continue on error
2026-05-05 22:08:53,899 INFO o.a.j.t.ThreadGroup: Starting thread group... number=1 threads=1 ramp-up=1 delayedStart=false
2026-05-05 22:08:53,902 INFO o.a.j.t.ThreadGroup: Started thread group number 1
2026-05-05 22:08:53,902 INFO o.a.j.e.StandardJMeterEngine: All thread groups have been started
2026-05-05 22:08:53,904 INFO o.a.j.t.JMeterThread: Thread started: Company Admin AI Load 1-1
2026-05-05 22:08:53,915 INFO o.a.j.p.h.s.HTTPHCAbstractImpl: Local host = Gustass-MacBook-Air-2.local
2026-05-05 22:08:53,919 INFO o.a.j.p.h.s.HTTPHC4Impl: HTTP request retry count = 0
2026-05-05 22:08:53,920 INFO o.a.j.s.SampleResult: Note: Sample TimeStamps are START times
2026-05-05 22:08:53,920 INFO o.a.j.s.SampleResult: sampleresult.default.encoding is set to UTF-8
2026-05-05 22:08:53,920 INFO o.a.j.s.SampleResult: sampleresult.useNanoTime=true
2026-05-05 22:08:53,920 INFO o.a.j.s.SampleResult: sampleresult.nanoThreadSleep=5000
2026-05-05 22:11:28,058 INFO o.a.j.t.JMeterThread: Thread is done: Company Admin AI Load 1-1
2026-05-05 22:11:28,058 INFO o.a.j.t.JMeterThread: Thread finished: Company Admin AI Load 1-1
2026-05-05 22:11:28,065 INFO o.a.j.e.StandardJMeterEngine: Notifying test listeners of end of test
2026-05-05 22:11:28,069 INFO o.a.j.r.Summariser: summary =     11 in 00:02:34 =    0.1/s Avg: 13971 Min:     6 Max: 58985 Err:     0 (0.00%)
2026-05-05 22:11:28,070 INFO o.a.j.JMeter: Generating Dashboard
2026-05-05 22:11:28,070 INFO o.a.j.r.d.ReportGenerator: Flushing result collector before report Generation
2026-05-05 22:11:28,088 INFO o.a.j.r.p.NormalizerSampleConsumer: Using format, 'ms', to parse timeStamp field
2026-05-05 22:11:28,127 INFO o.a.j.r.p.AbstractSampleConsumer: class org.apache.jmeter.report.processor.AggregateConsumer#stopProducing(): beginDate produced 0 samples
2026-05-05 22:11:28,127 INFO o.a.j.r.p.AbstractSampleConsumer: class org.apache.jmeter.report.processor.AggregateConsumer#stopProducing(): endDate produced 0 samples
2026-05-05 22:11:28,128 INFO o.a.j.r.p.AbstractSampleConsumer: class org.apache.jmeter.report.processor.ApdexSummaryConsumer#stopProducing(): apdexSummary produced 0 samples
2026-05-05 22:11:28,128 INFO o.a.j.r.p.AbstractSampleConsumer: class org.apache.jmeter.report.processor.RequestsSummaryConsumer#stopProducing(): requestsSummary produced 0 samples
2026-05-05 22:11:28,132 INFO o.a.j.r.p.AbstractSampleConsumer: class org.apache.jmeter.report.processor.StatisticsSummaryConsumer#stopProducing(): statisticsSummary produced 0 samples
2026-05-05 22:11:28,133 INFO o.a.j.r.p.AbstractSampleConsumer: class org.apache.jmeter.report.processor.Top5ErrorsBySamplerConsumer#stopProducing(): top5ErrorsBySampler produced 0 samples
2026-05-05 22:11:28,134 INFO o.a.j.r.p.AbstractSampleConsumer: class org.apache.jmeter.report.processor.ErrorsSummaryConsumer#stopProducing(): errorsSummary produced 0 samples
2026-05-05 22:11:28,134 INFO o.a.j.r.p.AbstractSampleConsumer: class org.apache.jmeter.report.processor.graph.impl.HitsPerSecondGraphConsumer#stopProducing(): hitsPerSecond produced 0 samples
2026-05-05 22:11:28,140 INFO o.a.j.r.p.AbstractSampleConsumer: class org.apache.jmeter.report.processor.graph.impl.LatencyVSRequestGraphConsumer#stopProducing(): latencyVsRequest produced 0 samples
2026-05-05 22:11:28,140 INFO o.a.j.r.p.AbstractSampleConsumer: class org.apache.jmeter.report.processor.graph.impl.SyntheticResponseTimeDistributionGraphConsumer#stopProducing(): syntheticResponseTimeDistribution produced 0 samples
2026-05-05 22:11:28,141 INFO o.a.j.r.p.AbstractSampleConsumer: class org.apache.jmeter.report.processor.graph.impl.BytesThroughputGraphConsumer#stopProducing(): bytesThroughputOverTime produced 0 samples
2026-05-05 22:11:28,141 INFO o.a.j.r.p.AbstractSampleConsumer: class org.apache.jmeter.report.processor.graph.impl.CodesPerSecondGraphConsumer#stopProducing(): codesPerSecond produced 0 samples
2026-05-05 22:11:28,143 INFO o.a.j.r.p.AbstractSampleConsumer: class org.apache.jmeter.report.processor.graph.impl.ResponseTimeVSRequestGraphConsumer#stopProducing(): responseTimeVsRequest produced 0 samples
2026-05-05 22:11:28,143 INFO o.a.j.r.p.AbstractSampleConsumer: class org.apache.jmeter.report.processor.FilterConsumer#stopProducing(): startIntervalControlerFilter produced 77 samples
2026-05-05 22:11:28,143 INFO o.a.j.r.p.AbstractSampleConsumer: class org.apache.jmeter.report.processor.graph.impl.TotalTPSGraphConsumer#stopProducing(): totalTPS produced 0 samples
2026-05-05 22:11:28,143 INFO o.a.j.r.p.AbstractSampleConsumer: class org.apache.jmeter.report.processor.graph.impl.ActiveThreadsGraphConsumer#stopProducing(): activeThreadsOverTime produced 0 samples
2026-05-05 22:11:28,143 INFO o.a.j.r.p.AbstractSampleConsumer: class org.apache.jmeter.report.processor.graph.impl.TimeVSThreadGraphConsumer#stopProducing(): timeVsThreads produced 0 samples
2026-05-05 22:11:28,143 INFO o.a.j.r.p.AbstractSampleConsumer: class org.apache.jmeter.report.processor.graph.impl.ResponseTimeDistributionGraphConsumer#stopProducing(): responseTimeDistribution produced 0 samples
2026-05-05 22:11:28,143 INFO o.a.j.r.p.AbstractSampleConsumer: class org.apache.jmeter.report.processor.graph.impl.TransactionsPerSecondGraphConsumer#stopProducing(): transactionsPerSecond produced 0 samples
2026-05-05 22:11:28,143 INFO o.a.j.r.p.AbstractSampleConsumer: class org.apache.jmeter.report.processor.graph.impl.ResponseTimePercentilesGraphConsumer#stopProducing(): responseTimePercentiles produced 0 samples
2026-05-05 22:11:28,145 INFO o.a.j.r.p.AbstractSampleConsumer: class org.apache.jmeter.report.processor.graph.impl.ResponseTimePercentilesOverTimeGraphConsumer#stopProducing(): responseTimePercentilesOverTime produced 0 samples
2026-05-05 22:11:28,145 INFO o.a.j.r.p.AbstractSampleConsumer: class org.apache.jmeter.report.processor.graph.impl.ResponseTimeOverTimeGraphConsumer#stopProducing(): responseTimesOverTime produced 0 samples
2026-05-05 22:11:28,145 INFO o.a.j.r.p.AbstractSampleConsumer: class org.apache.jmeter.report.processor.graph.impl.ConnectTimeOverTimeGraphConsumer#stopProducing(): connectTimeOverTime produced 0 samples
2026-05-05 22:11:28,145 INFO o.a.j.r.p.AbstractSampleConsumer: class org.apache.jmeter.report.processor.graph.impl.LatencyOverTimeGraphConsumer#stopProducing(): latenciesOverTime produced 0 samples
2026-05-05 22:11:28,145 INFO o.a.j.r.p.AbstractSampleConsumer: class org.apache.jmeter.report.processor.FilterConsumer#stopProducing(): nameFilter produced 165 samples
2026-05-05 22:11:28,145 INFO o.a.j.r.p.AbstractSampleConsumer: class org.apache.jmeter.report.processor.FilterConsumer#stopProducing(): dateRangeFilter produced 33 samples
2026-05-05 22:11:28,145 INFO o.a.j.r.p.AbstractSampleConsumer: class org.apache.jmeter.report.processor.NormalizerSampleConsumer#stopProducing(): normalizer produced 11 samples
2026-05-05 22:11:28,145 INFO o.a.j.r.p.CsvFileSampleSource: produce(): 11 samples produced in 38ms on channel 0
2026-05-05 22:11:28,145 INFO o.a.j.r.d.ReportGenerator: Exporting data using exporter:'json' of className:'org.apache.jmeter.report.dashboard.JsonExporter'
2026-05-05 22:11:28,205 INFO o.a.j.r.d.JsonExporter: Found data for consumer statisticsSummary in context
2026-05-05 22:11:28,205 INFO o.a.j.r.d.JsonExporter: Creating statistics for overall
2026-05-05 22:11:28,205 INFO o.a.j.r.d.JsonExporter: Creating statistics for other transactions
2026-05-05 22:11:28,205 INFO o.a.j.r.d.JsonExporter: Checking output folder
2026-05-05 22:11:28,206 INFO o.a.j.r.d.JsonExporter: Writing statistics JSON to /Users/gustas/Dev/working/InventoryManagementSystem/backend/performance/jmeter/results/ai-analysis-load-report/statistics.json
2026-05-05 22:11:28,236 INFO o.a.j.r.d.ReportGenerator: Exporting data using exporter:'html' of className:'org.apache.jmeter.report.dashboard.HtmlTemplateExporter'
2026-05-05 22:11:28,237 INFO o.a.j.r.d.HtmlTemplateExporter: Will generate dashboard in folder: /Users/gustas/Dev/working/InventoryManagementSystem/backend/performance/jmeter/results/ai-analysis-load-report
2026-05-05 22:11:28,294 INFO o.a.j.r.d.HtmlTemplateExporter: Report will be generated in: /Users/gustas/Dev/working/InventoryManagementSystem/backend/performance/jmeter/results/ai-analysis-load-report, creating folder structure
2026-05-05 22:11:28,295 INFO o.a.j.r.d.TemplateVisitor: Copying folder from '/opt/homebrew/Cellar/jmeter/5.6.3/libexec/bin/report-template' to '/Users/gustas/Dev/working/InventoryManagementSystem/backend/performance/jmeter/results/ai-analysis-load-report', got message: /Users/gustas/Dev/working/InventoryManagementSystem/backend/performance/jmeter/results/ai-analysis-load-report, found non empty folder with following content [/Users/gustas/Dev/working/InventoryManagementSystem/backend/performance/jmeter/results/ai-analysis-load-report/statistics.json], will be ignored
2026-05-05 22:11:28,447 INFO o.a.j.JMeter: Dashboard generated
